SQL> execute BOE.COMPRAR('Madera', 20000, 'Acuario');

PL/SQL procedure successfully completed.

SQL> execute BOE.COMPRAR('Hierro', 30000, 'Acuario');
BEGIN BOE.COMPRAR('Hierro', 30000, 'Acuario'); END;

*
ERROR at line 1:
ORA-20003: La cantidad de algun recurso en reserva o de algun reino esta fuera 
de limites. Esta en un numero menor a 0 o mayor a la existencia de ese recurso. 
ORA-06512: at "SYSTEM.BOE_ERRORS", line 26 
ORA-06512: at "SYSTEM.BOE", line 35 
ORA-06512: at "SYSTEM.BOE", line 60 
ORA-06512: at "SYSTEM.BOE", line 461 
ORA-06512: at line 1 


SQL> execute BOE.COMPRAR('Madera', 12000, 'Capricornio');

PL/SQL procedure successfully completed.

SQL> execute BOE.COMPRAR('Hierro', 10000, 'Capricornio');
BEGIN BOE.COMPRAR('Hierro', 10000, 'Capricornio'); END;

*
ERROR at line 1:
ORA-20003: La cantidad de algun recurso en reserva o de algun reino esta fuera 
de limites. Esta en un numero menor a 0 o mayor a la existencia de ese recurso. 
ORA-06512: at "SYSTEM.BOE_ERRORS", line 26 
ORA-06512: at "SYSTEM.BOE", line 35 
ORA-06512: at "SYSTEM.BOE", line 60 
ORA-06512: at "SYSTEM.BOE", line 461 
ORA-06512: at line 1 


SQL> execute BOE.ENTRENAR_EJERCITO('Caballero',10,'Sagitario');

PL/SQL procedure successfully completed.

SQL> 
SQL> execute BOE.COMPRAR('Madera', 15000, 'Sagitario');

PL/SQL procedure successfully completed.

SQL> execute BOE.ENTRENAR_EJERCITO('Arquera',40,'Escorpio');

PL/SQL procedure successfully completed.

SQL> execute BOE.ENTRENAR_EJERCITO('Mago',30,'Escorpio');

PL/SQL procedure successfully completed.

SQL> execute BOE.ENTRENAR_EJERCITO('Piquero',50,'Libra');

PL/SQL procedure successfully completed.

SQL> execute BOE.COMPRAR_DEFENSAS('Torre',4,'Libra');

PL/SQL procedure successfully completed.

SQL> execute BOE.COMPRAR('Hierro', 6000, 'Virgo');

PL/SQL procedure successfully completed.

SQL> execute BOE.COMPRAR_DEFENSAS('CAÑON',6,'Virgo');

PL/SQL procedure successfully completed.

SQL> execute BOE.ENTRENAR_EJERCITO('Caballero',60,'Leo');

PL/SQL procedure successfully completed.

SQL> execute BOE.ENTRENAR_EJERCITO('Mago',40,'Leo');

PL/SQL procedure successfully completed.

SQL> execute BOE.VENDER('Hierro', 4000, 'Cancer');

PL/SQL procedure successfully completed.

SQL> execute BOE.COMPRAR_DEFENSAS('Torre',30,'Cancer');
BEGIN BOE.COMPRAR_DEFENSAS('Torre',30,'Cancer'); END;

*
ERROR at line 1:
ORA-20004: No tiene suficientes recursos para adquirir las tropas que esta 
intentando adquirir. 
ORA-06512: at "SYSTEM.BOE_ERRORS", line 26 
ORA-06512: at "SYSTEM.BOE", line 101 
ORA-06512: at "SYSTEM.BOE", line 491 
ORA-06512: at line 1 


SQL> execute BOE.ENTRENAR_EJERCITO('Arquera',50,'Geminis');

PL/SQL procedure successfully completed.

SQL> execute BOE.ENTRENAR_EJERCITO('Piquero',50,'Geminis');

PL/SQL procedure successfully completed.

SQL> execute BOE.COMPRAR_DEFENSAS('CAÑON',15,'Tauro');
BEGIN BOE.COMPRAR_DEFENSAS('CAÑON',15,'Tauro'); END;

*
ERROR at line 1:
ORA-20004: No tiene suficientes recursos para adquirir las tropas que esta 
intentando adquirir. 
ORA-06512: at "SYSTEM.BOE_ERRORS", line 26 
ORA-06512: at "SYSTEM.BOE", line 101 
ORA-06512: at "SYSTEM.BOE", line 491 
ORA-06512: at line 1 


SQL> execute BOE.ENTRENAR_EJERCITO('Piquero',60,'Aries');

PL/SQL procedure successfully completed.

SQL> execute BOE.MEJORAR_ATAQUE('Aries');
BEGIN BOE.MEJORAR_ATAQUE('Aries'); END;

*
ERROR at line 1:
ORA-00001: unique constraint (SYSTEM.PK_BITACORA) violated 
ORA-06512: at "SYSTEM.BOE", line 81 
ORA-06512: at "SYSTEM.BOE", line 643 
ORA-06512: at line 1 


SQL> --
SQL> execute BOE.ENTRENAR_EJERCITO('Arquera',50,'Piscis');

PL/SQL procedure successfully completed.

SQL> execute BOE.ENTRENAR_EJERCITO('Piquero',50,'Piscis');

PL/SQL procedure successfully completed.

SQL> execute BOE.MEJORAR_ATAQUE('Aries');

PL/SQL procedure successfully completed.

SQL> execute BOE.MONITOREAR;
-------------ORO--------------                                                  
Reserva: 5136740                                                                
Precio   1                                                                      
-----------HIERRO-------------                                                  
Reserva: 2037200                                                                
Precio   3.93                                                                   
-----------MADERA-------------                                                  
Reserva: 1993900                                                                
Precio   2.03                                                                   
--------------------------RANKING---------------------------                    
-----------------------------1------------------------------                    
Reino:             Cancer                                                       
Oro:               55880                                                        
Oro tropas:        0                                                            
Oro recursos:      32090                                                        
Oro PTS ataque:    0                                                            
Oro PTS defensa:   0                                                            
Oro coronas:       100                                                          
Total:             88070                                                        
-----------------------------2------------------------------                    
Reino:             Tauro                                                        
Oro:               40000                                                        
Oro tropas:        0                                                            
Oro recursos:      39950                                                        
Oro PTS ataque:    0                                                            
Oro PTS defensa:   0                                                            
Oro coronas:       0                                                            
Total:             79950                                                        
-----------------------------3------------------------------                    
Reino:             Leo                                                          
Oro:               32000                                                        
Oro tropas:        12000                                                        
Oro recursos:      29235                                                        
Oro PTS ataque:    0                                                            
Oro PTS defensa:   0                                                            
Oro coronas:       3400                                                         
Total:             76635                                                        
-----------------------------4------------------------------                    
Reino:             Escorpio                                                     
Oro:               37700                                                        
Oro tropas:        3450                                                         
Oro recursos:      28276                                                        
Oro PTS ataque:    0                                                            
Oro PTS defensa:   0                                                            
Oro coronas:       1100                                                         
Total:             70526                                                        
-----------------------------5------------------------------                    
Reino:             Aries                                                        
Oro:               37000                                                        
Oro tropas:        2250                                                         
Oro recursos:      27915.5                                                      
Oro PTS ataque:    300                                                          
Oro PTS defensa:   0                                                            
Oro coronas:       1850                                                         
Total:             69315.5                                                      
-----------------------------6------------------------------                    
Reino:             Capricornio                                                  
Oro:               15760                                                        
Oro tropas:        0                                                            
Oro recursos:      52130                                                        
Oro PTS ataque:    0                                                            
Oro PTS defensa:   0                                                            
Oro coronas:       50                                                           
Total:             67940                                                        
-----------------------------7------------------------------                    
Reino:             Piscis                                                       
Oro:               37750                                                        
Oro tropas:        3375                                                         
Oro recursos:      21497.5                                                      
Oro PTS ataque:    0                                                            
Oro PTS defensa:   0                                                            
Oro coronas:       2500                                                         
Total:             65122.5                                                      
-----------------------------8------------------------------                    
Reino:             Geminis                                                      
Oro:               37750                                                        
Oro tropas:        3375                                                         
Oro recursos:      21497.5                                                      
Oro PTS ataque:    0                                                            
Oro PTS defensa:   0                                                            
Oro coronas:       2500                                                         
Total:             65122.5                                                      
-----------------------------9------------------------------                    
Reino:             Sagitario                                                    
Oro:               8550                                                         
Oro tropas:        1500                                                         
Oro recursos:      54382.5                                                      
Oro PTS ataque:    0                                                            
Oro PTS defensa:   0                                                            
Oro coronas:       550                                                          
Total:             64982.5                                                      
----------------------------10------------------------------                    
Reino:             Acuario                                                      
Oro:               0                                                            
Oro tropas:        0                                                            
Oro recursos:      60250                                                        
Oro PTS ataque:    0                                                            
Oro PTS defensa:   0                                                            
Oro coronas:       50                                                           
Total:             60300                                                        
----------------------------11------------------------------                    
Reino:             Libra                                                        
Oro:               30750                                                        
Oro tropas:        1875                                                         
Oro recursos:      20154.5                                                      
Oro PTS ataque:    0                                                            
Oro PTS defensa:   0                                                            
Oro coronas:       2100                                                         
Total:             54879.5                                                      
----------------------------12------------------------------                    
Reino:             Virgo                                                        
Oro:               10120                                                        
Oro tropas:        0                                                            
Oro recursos:      25115                                                        
Oro PTS ataque:    0                                                            
Oro PTS defensa:   0                                                            
Oro coronas:       1250                                                         
Total:             36485                                                        
-------------------------BITACORA---------------------------                    
-----------------------------1------------------------------                    
Reino:        Acuario                                                           
Fecha y hora: 2018-08-05 12:33                                                  
Recursos:     HIERRO:10000 MADERA:40000 ORO:0                                   
Coronas:      5                                                                 
Transaccion:  CMP                                                               
-----------------------------2------------------------------                    
Reino:        Capricornio                                                       
Fecha y hora: 2018-08-05 12:33                                                  
Recursos:     HIERRO:10000 MADERA:32000 ORO:15760                               
Coronas:      5                                                                 
Transaccion:  CMP                                                               
-----------------------------3------------------------------                    
Reino:        Sagitario                                                         
Fecha y hora: 2018-08-05 12:33                                                  
Recursos:     HIERRO:9700 MADERA:19800 ORO:39000                                
Coronas:      50                                                                
Transaccion:  TRP                                                               
-----------------------------4------------------------------                    
Reino:        Sagitario                                                         
Fecha y hora: 2018-08-05 12:34                                                  
Recursos:     HIERRO:9700 MADERA:34800 ORO:8550                                 
Coronas:      55                                                                
Transaccion:  CMP                                                               
-----------------------------5------------------------------                    
Reino:        Escorpio                                                          
Fecha y hora: 2018-08-05 12:34                                                  
Recursos:     HIERRO:8400 MADERA:16000 ORO:39200                                
Coronas:      80                                                                
Transaccion:  TRP                                                               
-----------------------------6------------------------------                    
Reino:        Escorpio                                                          
Fecha y hora: 2018-08-05 12:34                                                  
Recursos:     HIERRO:6900 MADERA:14500 ORO:37700                                
Coronas:      110                                                               
Transaccion:  TRP                                                               
-----------------------------7------------------------------                    
Reino:        Libra                                                             
Fecha y hora: 2018-08-05 12:34                                                  
Recursos:     HIERRO:7000 MADERA:16500 ORO:38750                                
Coronas:      150                                                               
Transaccion:  TRP                                                               
-----------------------------8------------------------------                    
Reino:        Libra                                                             
Fecha y hora: 2018-08-05 12:34                                                  
Recursos:     HIERRO:3800 MADERA:12500 ORO:30750                                
Coronas:      210                                                               
Transaccion:  DEF                                                               
-----------------------------9------------------------------                    
Reino:        Virgo                                                             
Fecha y hora: 2018-08-05 12:34                                                  
Recursos:     HIERRO:16000 MADERA:20000 ORO:16120                               
Coronas:      5                                                                 
Transaccion:  CMP                                                               
----------------------------10------------------------------                    
Reino:        Virgo                                                             
Fecha y hora: 2018-08-05 12:34                                                  
Recursos:     HIERRO:4000 MADERA:17000 ORO:10120                                
Coronas:      125                                                               
Transaccion:  DEF                                                               
----------------------------11------------------------------                    
Reino:        Leo                                                               
Fecha y hora: 2018-08-05 12:34                                                  
Recursos:     HIERRO:8200 MADERA:18800 ORO:34000                                
Coronas:      300                                                               
Transaccion:  TRP                                                               
----------------------------12------------------------------                    
Reino:        Leo                                                               
Fecha y hora: 2018-08-05 12:34                                                  
Recursos:     HIERRO:6200 MADERA:16800 ORO:32000                                
Coronas:      340                                                               
Transaccion:  TRP                                                               
----------------------------13------------------------------                    
Reino:        Cancer                                                            
Fecha y hora: 2018-08-05 12:34                                                  
Recursos:     HIERRO:6000 MADERA:20000 ORO:55880                                
Coronas:      10                                                                
Transaccion:  VTA                                                               
----------------------------14------------------------------                    
Reino:        Geminis                                                           
Fecha y hora: 2018-08-05 12:34                                                  
Recursos:     HIERRO:8000 MADERA:15000 ORO:39000                                
Coronas:      100                                                               
Transaccion:  TRP                                                               
----------------------------15------------------------------                    
Reino:        Geminis                                                           
Fecha y hora: 2018-08-05 12:34                                                  
Recursos:     HIERRO:5000 MADERA:11500 ORO:37750                                
Coronas:      250                                                               
Transaccion:  TRP                                                               
----------------------------16------------------------------                    
Reino:        Aries                                                             
Fecha y hora: 2018-08-05 12:35                                                  
Recursos:     HIERRO:6400 MADERA:15800 ORO:38500                                
Coronas:      180                                                               
Transaccion:  TRP                                                               
----------------------------17------------------------------                    
Reino:        Piscis                                                            
Fecha y hora: 2018-08-05 12:35                                                  
Recursos:     HIERRO:8000 MADERA:15000 ORO:39000                                
Coronas:      100                                                               
Transaccion:  TRP                                                               
----------------------------18------------------------------                    
Reino:        Piscis                                                            
Fecha y hora: 2018-08-05 12:35                                                  
Recursos:     HIERRO:5000 MADERA:11500 ORO:37750                                
Coronas:      250                                                               
Transaccion:  TRP                                                               
----------------------------19------------------------------                    
Reino:        Aries                                                             
Fecha y hora: 2018-08-05 12:35                                                  
Recursos:     HIERRO:6200 MADERA:15500 ORO:37000                                
Coronas:      185                                                               
Transaccion:  M+A                                                               

PL/SQL procedure successfully completed.

SQL> execute BOE.COMPRAR_DEFENSAS('CAÑON',10,'Acuario');
BEGIN BOE.COMPRAR_DEFENSAS('CAÑON',10,'Acuario'); END;

*
ERROR at line 1:
ORA-20004: No tiene suficientes recursos para adquirir las tropas que esta 
intentando adquirir. 
ORA-06512: at "SYSTEM.BOE_ERRORS", line 26 
ORA-06512: at "SYSTEM.BOE", line 101 
ORA-06512: at "SYSTEM.BOE", line 491 
ORA-06512: at line 1 


SQL> execute BOE.COMPRAR_DEFENSAS('TORRE',10,'Acuario');
BEGIN BOE.COMPRAR_DEFENSAS('TORRE',10,'Acuario'); END;

*
ERROR at line 1:
ORA-20004: No tiene suficientes recursos para adquirir las tropas que esta 
intentando adquirir. 
ORA-06512: at "SYSTEM.BOE_ERRORS", line 26 
ORA-06512: at "SYSTEM.BOE", line 101 
ORA-06512: at "SYSTEM.BOE", line 491 
ORA-06512: at line 1 


SQL> execute BOE.ENTRENAR_EJERCITO('Arquera',60,'Capricornio');

PL/SQL procedure successfully completed.

SQL> execute BOE.ENTRENAR_EJERCITO('Caballero',40,'Capricornio');

PL/SQL procedure successfully completed.

SQL> execute BOE.ENTRENAR_EJERCITO('Mago',10,'Sagitario');

PL/SQL procedure successfully completed.

SQL> execute BOE.MEJORAR_ATAQUE('Sagitario');

PL/SQL procedure successfully completed.

SQL> execute BOE.MEJORAR_ATAQUE('Escorpio');

PL/SQL procedure successfully completed.

SQL> execute BOE.MEJORAR_ATAQUE('Escorpio');

PL/SQL procedure successfully completed.

SQL> execute BOE.ENTRENAR_EJERCITO('Mago',20,'Libra');

PL/SQL procedure successfully completed.

SQL> execute BOE.MEJORAR_DEFENSA('Libra');

PL/SQL procedure successfully completed.

SQL> execute BOE.COMPRAR_DEFENSAS('CAÑON',20,'Virgo');
BEGIN BOE.COMPRAR_DEFENSAS('CAÑON',20,'Virgo'); END;

*
ERROR at line 1:
ORA-20004: No tiene suficientes recursos para adquirir las tropas que esta 
intentando adquirir. 
ORA-06512: at "SYSTEM.BOE_ERRORS", line 26 
ORA-06512: at "SYSTEM.BOE", line 101 
ORA-06512: at "SYSTEM.BOE", line 491 
ORA-06512: at line 1 


SQL> execute BOE.MEJORAR_DEFENSA('Virgo');

PL/SQL procedure successfully completed.

SQL> execute BOE.ENTRENAR_EJERCITO('Piquero',40,'Leo');

PL/SQL procedure successfully completed.

SQL> execute BOE.MEJORAR_ATAQUE('Leo');

PL/SQL procedure successfully completed.

SQL> execute BOE.COMPRAR_DEFENSAS('CAÑON',25,'Cancer');
BEGIN BOE.COMPRAR_DEFENSAS('CAÑON',25,'Cancer'); END;

*
ERROR at line 1:
ORA-20004: No tiene suficientes recursos para adquirir las tropas que esta 
intentando adquirir. 
ORA-06512: at "SYSTEM.BOE_ERRORS", line 26 
ORA-06512: at "SYSTEM.BOE", line 101 
ORA-06512: at "SYSTEM.BOE", line 491 
ORA-06512: at line 1 


SQL> execute BOE.MEJORAR_DEFENSA('Cancer');

PL/SQL procedure successfully completed.

SQL> execute BOE.ENTRENAR_EJERCITO('Mago',20,'Geminis');

PL/SQL procedure successfully completed.

SQL> execute BOE.ENTRENAR_EJERCITO('Caballero',30,'Geminis');

PL/SQL procedure successfully completed.

SQL> execute BOE.VENDER('Hierro', 50000, 'Tauro');
BEGIN BOE.VENDER('Hierro', 50000, 'Tauro'); END;

*
ERROR at line 1:
ORA-20003: La cantidad de algun recurso en reserva o de algun reino esta fuera 
de limites. Esta en un numero menor a 0 o mayor a la existencia de ese recurso. 
ORA-06512: at "SYSTEM.BOE_ERRORS", line 26 
ORA-06512: at "SYSTEM.BOE", line 35 
ORA-06512: at "SYSTEM.BOE", line 59 
ORA-06512: at "SYSTEM.BOE", line 467 
ORA-06512: at line 1 


SQL> execute BOE.VENDER('Madera', 50000, 'Tauro');
BEGIN BOE.VENDER('Madera', 50000, 'Tauro'); END;

*
ERROR at line 1:
ORA-20003: La cantidad de algun recurso en reserva o de algun reino esta fuera 
de limites. Esta en un numero menor a 0 o mayor a la existencia de ese recurso. 
ORA-06512: at "SYSTEM.BOE_ERRORS", line 26 
ORA-06512: at "SYSTEM.BOE", line 35 
ORA-06512: at "SYSTEM.BOE", line 59 
ORA-06512: at "SYSTEM.BOE", line 467 
ORA-06512: at line 1 


SQL> execute BOE.ENTRENAR_EJERCITO('Arquera',60,'Aries');

PL/SQL procedure successfully completed.

SQL> execute BOE.ENTRENAR_EJERCITO('Mago',30,'Aries');

PL/SQL procedure successfully completed.

SQL> execute BOE.MEJORAR_ATAQUE('Piscis');

PL/SQL procedure successfully completed.

SQL> execute BOE.ENTRENAR_EJERCITO('Caballero',35,'Piscis');

PL/SQL procedure successfully completed.

SQL> execute BOE.MEJORAR_DEFENSA('Acuario');
BEGIN BOE.MEJORAR_DEFENSA('Acuario'); END;

*
ERROR at line 1:
ORA-20007: El reino no dispone de los recursos suficientes para la transacción 
ORA-06512: at "SYSTEM.BOE_ERRORS", line 26 
ORA-06512: at "SYSTEM.BOE", line 596 
ORA-06512: at line 1 


SQL> execute BOE.MEJORAR_DEFENSA('Acuario');
BEGIN BOE.MEJORAR_DEFENSA('Acuario'); END;

*
ERROR at line 1:
ORA-20007: El reino no dispone de los recursos suficientes para la transacción 
ORA-06512: at "SYSTEM.BOE_ERRORS", line 26 
ORA-06512: at "SYSTEM.BOE", line 596 
ORA-06512: at line 1 


SQL> execute BOE.MEJORAR_ATAQUE('Capricornio');

PL/SQL procedure successfully completed.

SQL> execute BOE.ATACAR_REINO('Capricornio', 'Leo');

PL/SQL procedure successfully completed.

SQL> execute BOE.MEJORAR_ATAQUE('Sagitario');

PL/SQL procedure successfully completed.

SQL> execute BOE.ATACAR_REINO('Sagitario', 'Escorpio');

PL/SQL procedure successfully completed.

SQL> execute BOE.ENTRENAR_EJERCITO('Mago',30,'Escorpio');

PL/SQL procedure successfully completed.

SQL> execute BOE.ATACAR_REINO('Escorpio', 'Cancer');

PL/SQL procedure successfully completed.

SQL> execute BOE.ATACAR_REINO('Libra', 'Sagitario');

PL/SQL procedure successfully completed.

SQL> execute BOE.MEJORAR_DEFENSA('Libra');

PL/SQL procedure successfully completed.

SQL> execute BOE.MEJORAR_DEFENSA('Virgo');

PL/SQL procedure successfully completed.

SQL> execute BOE.VENDER('Hierro', 2000, 'Virgo');

PL/SQL procedure successfully completed.

SQL> execute BOE.ATACAR_REINO('Leo', 'Acuario');

PL/SQL procedure successfully completed.

SQL> execute BOE.ATACAR_REINO('Leo', 'Geminis');

PL/SQL procedure successfully completed.

SQL> execute BOE.COMPRAR_DEFENSAS('Torre',10,'Cancer');
BEGIN BOE.COMPRAR_DEFENSAS('Torre',10,'Cancer'); END;

*
ERROR at line 1:
ORA-20004: No tiene suficientes recursos para adquirir las tropas que esta 
intentando adquirir. 
ORA-06512: at "SYSTEM.BOE_ERRORS", line 26 
ORA-06512: at "SYSTEM.BOE", line 101 
ORA-06512: at "SYSTEM.BOE", line 491 
ORA-06512: at line 1 


SQL> execute BOE.COMPRAR_DEFENSAS('CAÑON',10,'Cancer');
BEGIN BOE.COMPRAR_DEFENSAS('CAÑON',10,'Cancer'); END;

*
ERROR at line 1:
ORA-20004: No tiene suficientes recursos para adquirir las tropas que esta 
intentando adquirir. 
ORA-06512: at "SYSTEM.BOE_ERRORS", line 26 
ORA-06512: at "SYSTEM.BOE", line 101 
ORA-06512: at "SYSTEM.BOE", line 491 
ORA-06512: at line 1 


SQL> execute BOE.MEJORAR_ATAQUE('Geminis');

PL/SQL procedure successfully completed.

SQL> execute BOE.ATACAR_REINO('Geminis', 'Libra');

PL/SQL procedure successfully completed.

SQL> execute BOE.COMPRAR_DEFENSAS('Torre',20,'Tauro');
BEGIN BOE.COMPRAR_DEFENSAS('Torre',20,'Tauro'); END;

*
ERROR at line 1:
ORA-20004: No tiene suficientes recursos para adquirir las tropas que esta 
intentando adquirir. 
ORA-06512: at "SYSTEM.BOE_ERRORS", line 26 
ORA-06512: at "SYSTEM.BOE", line 101 
ORA-06512: at "SYSTEM.BOE", line 491 
ORA-06512: at line 1 


SQL> execute BOE.MEJORAR_DEFENSA('Tauro');

PL/SQL procedure successfully completed.

SQL> execute BOE.ATACAR_REINO('Aries', 'Virgo');

PL/SQL procedure successfully completed.

SQL> execute BOE.ATACAR_REINO('Aries', 'Virgo');

PL/SQL procedure successfully completed.

SQL> execute BOE.MEJORAR_ATAQUE('Piscis');

PL/SQL procedure successfully completed.

SQL> execute BOE.ATACAR_REINO('Piscis', 'Cancer');

PL/SQL procedure successfully completed.

SQL> execute BOE.MONITOREAR;
-------------ORO--------------                                                  
Reserva: 5183780                                                                
Precio   1                                                                      
-----------HIERRO-------------                                                  
Reserva: 2057750                                                                
Precio   3.93                                                                   
-----------MADERA-------------                                                  
Reserva: 2019600                                                                
Precio   2.01                                                                   
--------------------------RANKING---------------------------                    
-----------------------------1------------------------------                    
Reino:             Libra                                                        
Oro:               44837                                                        
Oro tropas:        1875                                                         
Oro recursos:      60821.58                                                     
Oro PTS ataque:    0                                                            
Oro PTS defensa:   945                                                          
Oro coronas:       3120                                                         
Total:             111598.58                                                    
-----------------------------2------------------------------                    
Reino:             Leo                                                          
Oro:               30263                                                        
Oro tropas:        5287.5                                                       
Oro recursos:      56624.025                                                    
Oro PTS ataque:    75                                                           
Oro PTS defensa:   0                                                            
Oro coronas:       4690                                                         
Total:             96939.525                                                    
-----------------------------3------------------------------                    
Reino:             Capricornio                                                  
Oro:               27235                                                        
Oro tropas:        5460                                                         
Oro recursos:      50755.125                                                    
Oro PTS ataque:    150                                                          
Oro PTS defensa:   0                                                            
Oro coronas:       3320                                                         
Total:             86920.125                                                    
-----------------------------4------------------------------                    
Reino:             Tauro                                                        
Oro:               38000                                                        
Oro tropas:        0                                                            
Oro recursos:      39354.75                                                     
Oro PTS ataque:    0                                                            
Oro PTS defensa:   500                                                          
Oro coronas:       400                                                          
Total:             78254.75                                                     
-----------------------------5------------------------------                    
Reino:             Piscis                                                       
Oro:               42508                                                        
Oro tropas:        6112.5                                                       
Oro recursos:      24391.8                                                      
Oro PTS ataque:    315                                                          
Oro PTS defensa:   0                                                            
Oro coronas:       4370                                                         
Total:             77697.3                                                      
-----------------------------6------------------------------                    
Reino:             Escorpio                                                     
Oro:               44667                                                        
Oro tropas:        2235                                                         
Oro recursos:      25377.27                                                     
Oro PTS ataque:    315                                                          
Oro PTS defensa:   0                                                            
Oro coronas:       1520                                                         
Total:             74114.27                                                     
-----------------------------7------------------------------                    
Reino:             Aries                                                        
Oro:               28971                                                        
Oro tropas:        2662.5                                                       
Oro recursos:      25705.425                                                    
Oro PTS ataque:    120                                                          
Oro PTS defensa:   0                                                            
Oro coronas:       3390                                                         
Total:             60848.925                                                    
-----------------------------8------------------------------                    
Reino:             Sagitario                                                    
Oro:               9312                                                         
Oro tropas:        1350                                                         
Oro recursos:      23990.22                                                     
Oro PTS ataque:    315                                                          
Oro PTS defensa:   0                                                            
Oro coronas:       770                                                          
Total:             35737.22                                                     
-----------------------------9------------------------------                    
Reino:             Virgo                                                        
Oro:               17309                                                        
Oro tropas:        0                                                            
Oro recursos:      7078.575                                                     
Oro PTS ataque:    0                                                            
Oro PTS defensa:   851                                                          
Oro coronas:       2150                                                         
Total:             27388.575                                                    
----------------------------10------------------------------                    
Reino:             Acuario                                                      
Oro:               0                                                            
Oro tropas:        0                                                            
Oro recursos:      20947.5                                                      
Oro PTS ataque:    0                                                            
Oro PTS defensa:   0                                                            
Oro coronas:       50                                                           
Total:             20997.5                                                      
----------------------------11------------------------------                    
Reino:             Geminis                                                      
Oro:               6519                                                         
Oro tropas:        4470                                                         
Oro recursos:      4919.85                                                      
Oro PTS ataque:    240                                                          
Oro PTS defensa:   0                                                            
Oro coronas:       4270                                                         
Total:             20418.85                                                     
----------------------------12------------------------------                    
Reino:             Cancer                                                       
Oro:               6600                                                         
Oro tropas:        0                                                            
Oro recursos:      3859.095                                                     
Oro PTS ataque:    0                                                            
Oro PTS defensa:   405                                                          
Oro coronas:       500                                                          
Total:             11364.095                                                    
-------------------------BITACORA---------------------------                    
-----------------------------1------------------------------                    
Reino:        Acuario                                                           
Fecha y hora: 2018-08-05 12:33                                                  
Recursos:     HIERRO:10000 MADERA:40000 ORO:0                                   
Coronas:      5                                                                 
Transaccion:  CMP                                                               
-----------------------------2------------------------------                    
Reino:        Capricornio                                                       
Fecha y hora: 2018-08-05 12:33                                                  
Recursos:     HIERRO:10000 MADERA:32000 ORO:15760                               
Coronas:      5                                                                 
Transaccion:  CMP                                                               
-----------------------------3------------------------------                    
Reino:        Sagitario                                                         
Fecha y hora: 2018-08-05 12:33                                                  
Recursos:     HIERRO:9700 MADERA:19800 ORO:39000                                
Coronas:      50                                                                
Transaccion:  TRP                                                               
-----------------------------4------------------------------                    
Reino:        Sagitario                                                         
Fecha y hora: 2018-08-05 12:34                                                  
Recursos:     HIERRO:9700 MADERA:34800 ORO:8550                                 
Coronas:      55                                                                
Transaccion:  CMP                                                               
-----------------------------5------------------------------                    
Reino:        Escorpio                                                          
Fecha y hora: 2018-08-05 12:34                                                  
Recursos:     HIERRO:8400 MADERA:16000 ORO:39200                                
Coronas:      80                                                                
Transaccion:  TRP                                                               
-----------------------------6------------------------------                    
Reino:        Escorpio                                                          
Fecha y hora: 2018-08-05 12:34                                                  
Recursos:     HIERRO:6900 MADERA:14500 ORO:37700                                
Coronas:      110                                                               
Transaccion:  TRP                                                               
-----------------------------7------------------------------                    
Reino:        Libra                                                             
Fecha y hora: 2018-08-05 12:34                                                  
Recursos:     HIERRO:7000 MADERA:16500 ORO:38750                                
Coronas:      150                                                               
Transaccion:  TRP                                                               
-----------------------------8------------------------------                    
Reino:        Libra                                                             
Fecha y hora: 2018-08-05 12:34                                                  
Recursos:     HIERRO:3800 MADERA:12500 ORO:30750                                
Coronas:      210                                                               
Transaccion:  DEF                                                               
-----------------------------9------------------------------                    
Reino:        Virgo                                                             
Fecha y hora: 2018-08-05 12:34                                                  
Recursos:     HIERRO:16000 MADERA:20000 ORO:16120                               
Coronas:      5                                                                 
Transaccion:  CMP                                                               
----------------------------10------------------------------                    
Reino:        Virgo                                                             
Fecha y hora: 2018-08-05 12:34                                                  
Recursos:     HIERRO:4000 MADERA:17000 ORO:10120                                
Coronas:      125                                                               
Transaccion:  DEF                                                               
----------------------------11------------------------------                    
Reino:        Leo                                                               
Fecha y hora: 2018-08-05 12:34                                                  
Recursos:     HIERRO:8200 MADERA:18800 ORO:34000                                
Coronas:      300                                                               
Transaccion:  TRP                                                               
----------------------------12------------------------------                    
Reino:        Leo                                                               
Fecha y hora: 2018-08-05 12:34                                                  
Recursos:     HIERRO:6200 MADERA:16800 ORO:32000                                
Coronas:      340                                                               
Transaccion:  TRP                                                               
----------------------------13------------------------------                    
Reino:        Cancer                                                            
Fecha y hora: 2018-08-05 12:34                                                  
Recursos:     HIERRO:6000 MADERA:20000 ORO:55880                                
Coronas:      10                                                                
Transaccion:  VTA                                                               
----------------------------14------------------------------                    
Reino:        Geminis                                                           
Fecha y hora: 2018-08-05 12:34                                                  
Recursos:     HIERRO:8000 MADERA:15000 ORO:39000                                
Coronas:      100                                                               
Transaccion:  TRP                                                               
----------------------------15------------------------------                    
Reino:        Geminis                                                           
Fecha y hora: 2018-08-05 12:34                                                  
Recursos:     HIERRO:5000 MADERA:11500 ORO:37750                                
Coronas:      250                                                               
Transaccion:  TRP                                                               
----------------------------16------------------------------                    
Reino:        Aries                                                             
Fecha y hora: 2018-08-05 12:35                                                  
Recursos:     HIERRO:6400 MADERA:15800 ORO:38500                                
Coronas:      180                                                               
Transaccion:  TRP                                                               
----------------------------17------------------------------                    
Reino:        Piscis                                                            
Fecha y hora: 2018-08-05 12:35                                                  
Recursos:     HIERRO:8000 MADERA:15000 ORO:39000                                
Coronas:      100                                                               
Transaccion:  TRP                                                               
----------------------------18------------------------------                    
Reino:        Piscis                                                            
Fecha y hora: 2018-08-05 12:35                                                  
Recursos:     HIERRO:5000 MADERA:11500 ORO:37750                                
Coronas:      250                                                               
Transaccion:  TRP                                                               
----------------------------19------------------------------                    
Reino:        Aries                                                             
Fecha y hora: 2018-08-05 12:35                                                  
Recursos:     HIERRO:6200 MADERA:15500 ORO:37000                                
Coronas:      185                                                               
Transaccion:  M+A                                                               
----------------------------20------------------------------                    
Reino:        Capricornio                                                       
Fecha y hora: 2018-08-05 12:36                                                  
Recursos:     HIERRO:7600 MADERA:26000 ORO:14560                                
Coronas:      125                                                               
Transaccion:  TRP                                                               
----------------------------21------------------------------                    
Reino:        Capricornio                                                       
Fecha y hora: 2018-08-05 12:36                                                  
Recursos:     HIERRO:6400 MADERA:25200 ORO:10560                                
Coronas:      325                                                               
Transaccion:  TRP                                                               
----------------------------22------------------------------                    
Reino:        Sagitario                                                         
Fecha y hora: 2018-08-05 12:36                                                  
Recursos:     HIERRO:9200 MADERA:34300 ORO:8050                                 
Coronas:      65                                                                
Transaccion:  TRP                                                               
----------------------------23------------------------------                    
Reino:        Sagitario                                                         
Fecha y hora: 2018-08-05 12:36                                                  
Recursos:     HIERRO:9000 MADERA:34000 ORO:6550                                 
Coronas:      70                                                                
Transaccion:  M+A                                                               
----------------------------24------------------------------                    
Reino:        Escorpio                                                          
Fecha y hora: 2018-08-05 12:36                                                  
Recursos:     HIERRO:6700 MADERA:14200 ORO:36200                                
Coronas:      115                                                               
Transaccion:  M+A                                                               
----------------------------25------------------------------                    
Reino:        Escorpio                                                          
Fecha y hora: 2018-08-05 12:36                                                  
Recursos:     HIERRO:6500 MADERA:13900 ORO:34700                                
Coronas:      120                                                               
Transaccion:  M+A                                                               
----------------------------26------------------------------                    
Reino:        Libra                                                             
Fecha y hora: 2018-08-05 12:36                                                  
Recursos:     HIERRO:2800 MADERA:11500 ORO:29750                                
Coronas:      230                                                               
Transaccion:  TRP                                                               
----------------------------27------------------------------                    
Reino:        Libra                                                             
Fecha y hora: 2018-08-05 12:36                                                  
Recursos:     HIERRO:2650 MADERA:11400 ORO:27750                                
Coronas:      270                                                               
Transaccion:  M+D                                                               
----------------------------28------------------------------                    
Reino:        Virgo                                                             
Fecha y hora: 2018-08-05 12:36                                                  
Recursos:     HIERRO:3850 MADERA:16900 ORO:8120                                 
Coronas:      165                                                               
Transaccion:  M+D                                                               
----------------------------29------------------------------                    
Reino:        Leo                                                               
Fecha y hora: 2018-08-05 12:36                                                  
Recursos:     HIERRO:3800 MADERA:14000 ORO:31000                                
Coronas:      460                                                               
Transaccion:  TRP                                                               
----------------------------30------------------------------                    
Reino:        Leo                                                               
Fecha y hora: 2018-08-05 12:36                                                  
Recursos:     HIERRO:3600 MADERA:13700 ORO:29500                                
Coronas:      465                                                               
Transaccion:  M+A                                                               
----------------------------31------------------------------                    
Reino:        Cancer                                                            
Fecha y hora: 2018-08-05 12:37                                                  
Recursos:     HIERRO:5850 MADERA:19900 ORO:53880                                
Coronas:      50                                                                
Transaccion:  M+D                                                               
----------------------------32------------------------------                    
Reino:        Geminis                                                           
Fecha y hora: 2018-08-05 12:37                                                  
Recursos:     HIERRO:4000 MADERA:10500 ORO:36750                                
Coronas:      270                                                               
Transaccion:  TRP                                                               
----------------------------33------------------------------                    
Reino:        Geminis                                                           
Fecha y hora: 2018-08-05 12:37                                                  
Recursos:     HIERRO:3100 MADERA:9900 ORO:33750                                 
Coronas:      420                                                               
Transaccion:  TRP                                                               
----------------------------34------------------------------                    
Reino:        Aries                                                             
Fecha y hora: 2018-08-05 12:37                                                  
Recursos:     HIERRO:3800 MADERA:9500 ORO:35800                                 
Coronas:      305                                                               
Transaccion:  TRP                                                               
----------------------------35------------------------------                    
Reino:        Aries                                                             
Fecha y hora: 2018-08-05 12:37                                                  
Recursos:     HIERRO:2300 MADERA:8000 ORO:34300                                 
Coronas:      335                                                               
Transaccion:  TRP                                                               
----------------------------36------------------------------                    
Reino:        Piscis                                                            
Fecha y hora: 2018-08-05 12:37                                                  
Recursos:     HIERRO:4800 MADERA:11200 ORO:36250                                
Coronas:      255                                                               
Transaccion:  M+A                                                               
----------------------------37------------------------------                    
Reino:        Piscis                                                            
Fecha y hora: 2018-08-05 12:37                                                  
Recursos:     HIERRO:3750 MADERA:10500 ORO:32750                                
Coronas:      430                                                               
Transaccion:  TRP                                                               
----------------------------38------------------------------                    
Reino:        Capricornio                                                       
Fecha y hora: 2018-08-05 12:38                                                  
Recursos:     HIERRO:6200 MADERA:24900 ORO:9060                                 
Coronas:      330                                                               
Transaccion:  M+A                                                               
----------------------------39------------------------------                    
Reino:        Capricornio                                                       
Fecha y hora: 2018-08-05 12:38                                                  
Recursos:     HIERRO:8540 MADERA:33805 ORO:27235                                
Coronas:      332                                                               
Transaccion:  ATK                                                               
----------------------------40------------------------------                    
Reino:        Sagitario                                                         
Fecha y hora: 2018-08-05 12:38                                                  
Recursos:     HIERRO:8800 MADERA:33700 ORO:5050                                 
Coronas:      75                                                                
Transaccion:  M+A                                                               
----------------------------41------------------------------                    
Reino:        Sagitario                                                         
Fecha y hora: 2018-08-05 12:38                                                  
Recursos:     HIERRO:13025 MADERA:42735 ORO:26605                               
Coronas:      77                                                                
Transaccion:  ATK                                                               
----------------------------42------------------------------                    
Reino:        Escorpio                                                          
Fecha y hora: 2018-08-05 12:38                                                  
Recursos:     HIERRO:775 MADERA:3365 ORO:10645                                  
Coronas:      150                                                               
Transaccion:  TRP                                                               
----------------------------43------------------------------                    
Reino:        Escorpio                                                          
Fecha y hora: 2018-08-05 12:38                                                  
Recursos:     HIERRO:4578 MADERA:16300 ORO:44667                                
Coronas:      152                                                               
Transaccion:  ATK                                                               
----------------------------44------------------------------                    
Reino:        Libra                                                             
Fecha y hora: 2018-08-05 12:38                                                  
Recursos:     HIERRO:11116 MADERA:39178 ORO:44043                               
Coronas:      272                                                               
Transaccion:  ATK                                                               
----------------------------45------------------------------                    
Reino:        Libra                                                             
Fecha y hora: 2018-08-05 12:38                                                  
Recursos:     HIERRO:10966 MADERA:39078 ORO:42043                               
Coronas:      312                                                               
Transaccion:  M+D                                                               
----------------------------46------------------------------                    
Reino:        Virgo                                                             
Fecha y hora: 2018-08-05 12:39                                                  
Recursos:     HIERRO:3700 MADERA:16800 ORO:6120                                 
Coronas:      205                                                               
Transaccion:  M+D                                                               
----------------------------47------------------------------                    
Reino:        Virgo                                                             
Fecha y hora: 2018-08-05 12:39                                                  
Recursos:     HIERRO:1700 MADERA:16800 ORO:13980                                
Coronas:      215                                                               
Transaccion:  VTA                                                               
----------------------------48------------------------------                    
Reino:        Leo                                                               
Fecha y hora: 2018-08-05 12:39                                                  
Recursos:     HIERRO:7760 MADERA:30795 ORO:9325                                 
Coronas:      467                                                               
Transaccion:  ATK                                                               
----------------------------49------------------------------                    
Reino:        Leo                                                               
Fecha y hora: 2018-08-05 12:39                                                  
Recursos:     HIERRO:9775 MADERA:37230 ORO:30263                                
Coronas:      469                                                               
Transaccion:  ATK                                                               
----------------------------50------------------------------                    
Reino:        Geminis                                                           
Fecha y hora: 2018-08-05 12:39                                                  
Recursos:     HIERRO:885 MADERA:3165 ORO:10313                                  
Coronas:      425                                                               
Transaccion:  M+A                                                               
----------------------------51------------------------------                    
Reino:        Geminis                                                           
Fecha y hora: 2018-08-05 12:39                                                  
Recursos:     HIERRO:885 MADERA:3165 ORO:6519                                   
Coronas:      427                                                               
Transaccion:  ATK                                                               
----------------------------52------------------------------                    
Reino:        Tauro                                                             
Fecha y hora: 2018-08-05 12:39                                                  
Recursos:     HIERRO:9850 MADERA:19900 ORO:38000                                
Coronas:      40                                                                
Transaccion:  M+D                                                               
----------------------------53------------------------------                    
Reino:        Aries                                                             
Fecha y hora: 2018-08-05 12:39                                                  
Recursos:     HIERRO:3405 MADERA:18920 ORO:42387                                
Coronas:      337                                                               
Transaccion:  ATK                                                               
----------------------------54------------------------------                    
Reino:        Aries                                                             
Fecha y hora: 2018-08-05 12:39                                                  
Recursos:     HIERRO:3405 MADERA:18920 ORO:28971                                
Coronas:      339                                                               
Transaccion:  ATK                                                               
----------------------------55------------------------------                    
Reino:        Piscis                                                            
Fecha y hora: 2018-08-05 12:39                                                  
Recursos:     HIERRO:3550 MADERA:10200 ORO:31250                                
Coronas:      435                                                               
Transaccion:  M+A                                                               
----------------------------56------------------------------                    
Reino:        Piscis                                                            
Fecha y hora: 2018-08-05 12:40                                                  
Recursos:     HIERRO:4881 MADERA:14727 ORO:42508                                
Coronas:      437                                                               
Transaccion:  ATK                                                               

PL/SQL procedure successfully completed.

SQL> execute BOE.MEJORAR_DEFENSA('Acuario');
BEGIN BOE.MEJORAR_DEFENSA('Acuario'); END;

*
ERROR at line 1:
ORA-20007: El reino no dispone de los recursos suficientes para la transacción 
ORA-06512: at "SYSTEM.BOE_ERRORS", line 26 
ORA-06512: at "SYSTEM.BOE", line 596 
ORA-06512: at line 1 


SQL> execute BOE.COMPRAR_DEFENSAS('Torre',20,'Acuario');
BEGIN BOE.COMPRAR_DEFENSAS('Torre',20,'Acuario'); END;

*
ERROR at line 1:
ORA-20004: No tiene suficientes recursos para adquirir las tropas que esta 
intentando adquirir. 
ORA-06512: at "SYSTEM.BOE_ERRORS", line 26 
ORA-06512: at "SYSTEM.BOE", line 101 
ORA-06512: at "SYSTEM.BOE", line 491 
ORA-06512: at line 1 


SQL> execute BOE.ENTRENAR_EJERCITO('Mago',30,'Capricornio');

PL/SQL procedure successfully completed.

SQL> execute BOE.ATACAR_REINO('Capricornio', 'Leo');

PL/SQL procedure successfully completed.

SQL> execute BOE.ENTRENAR_EJERCITO('Caballero',25,'Sagitario');

PL/SQL procedure successfully completed.

SQL> execute BOE.ATACAR_REINO('Sagitario', 'Capricornio');

PL/SQL procedure successfully completed.

SQL> execute BOE.ENTRENAR_EJERCITO('Mago',20,'Escorpio');

PL/SQL procedure successfully completed.

SQL> execute BOE.ATACAR_REINO('Escorpio', 'Libra');

PL/SQL procedure successfully completed.

SQL> execute BOE.ENTRENAR_EJERCITO('Mago',20,'Libra');

PL/SQL procedure successfully completed.

SQL> execute BOE.ATACAR_REINO('Libra', 'Escorpio');

PL/SQL procedure successfully completed.

SQL> execute BOE.COMPRAR('Madera',5000,'Virgo');

PL/SQL procedure successfully completed.

SQL> execute BOE.COMPRAR_DEFENSAS('Torre',15,'Virgo');
BEGIN BOE.COMPRAR_DEFENSAS('Torre',15,'Virgo'); END;

*
ERROR at line 1:
ORA-20004: No tiene suficientes recursos para adquirir las tropas que esta 
intentando adquirir. 
ORA-06512: at "SYSTEM.BOE_ERRORS", line 26 
ORA-06512: at "SYSTEM.BOE", line 101 
ORA-06512: at "SYSTEM.BOE", line 491 
ORA-06512: at line 1 


SQL> execute BOE.ENTRENAR_EJERCITO('Caballero',20,'Leo');

PL/SQL procedure successfully completed.

SQL> execute BOE.ATACAR_REINO('Leo', 'Geminis');

PL/SQL procedure successfully completed.

SQL> execute BOE.MEJORAR_DEFENSA('Cancer');

PL/SQL procedure successfully completed.

SQL> execute BOE.ATACAR_REINO('Cancer', 'Libra');

PL/SQL procedure successfully completed.

SQL> execute BOE.MEJORAR_ATAQUE('Geminis');

PL/SQL procedure successfully completed.

SQL> execute BOE.ATACAR_REINO('Geminis', 'Leo');
BEGIN BOE.ATACAR_REINO('Geminis', 'Leo'); END;

*
ERROR at line 1:
ORA-20006: El reino no dispone de oro suficiente para atacar 
ORA-06512: at "SYSTEM.BOE_ERRORS", line 26 
ORA-06512: at "SYSTEM.BOE", line 688 
ORA-06512: at line 1 


SQL> execute BOE.COMPRAR_DEFENSAS('CAÑON',12,'Tauro');
BEGIN BOE.COMPRAR_DEFENSAS('CAÑON',12,'Tauro'); END;

*
ERROR at line 1:
ORA-20004: No tiene suficientes recursos para adquirir las tropas que esta 
intentando adquirir. 
ORA-06512: at "SYSTEM.BOE_ERRORS", line 26 
ORA-06512: at "SYSTEM.BOE", line 101 
ORA-06512: at "SYSTEM.BOE", line 491 
ORA-06512: at line 1 


SQL> execute BOE.COMPRAR_DEFENSAS('Torre',8,'Tauro');

PL/SQL procedure successfully completed.

SQL> execute BOE.ATACAR_REINO('Aries', 'Geminis');

PL/SQL procedure successfully completed.

SQL> execute BOE.ATACAR_REINO('Aries', 'Tauro');

PL/SQL procedure successfully completed.

SQL> execute BOE.ATACAR_REINO('Piscis', 'Aries');

PL/SQL procedure successfully completed.

SQL> execute BOE.ATACAR_REINO('Piscis', 'Virgo');

PL/SQL procedure successfully completed.

SQL> execute BOE.MONITOREAR;
-------------ORO--------------                                                  
Reserva: 5231330                                                                
Precio   1                                                                      
-----------HIERRO-------------                                                  
Reserva: 2069350                                                                
Precio   3.92                                                                   
-----------MADERA-------------                                                  
Reserva: 2027400                                                                
Precio   2.01                                                                   
--------------------------RANKING---------------------------                    
-----------------------------1------------------------------                    
Reino:             Libra                                                        
Oro:               76131                                                        
Oro tropas:        1275                                                         
Oro recursos:      72355.435                                                    
Oro PTS ataque:    0                                                            
Oro PTS defensa:   766                                                          
Oro coronas:       3340                                                         
Total:             153867.435                                                   
-----------------------------2------------------------------                    
Reino:             Sagitario                                                    
Oro:               34676                                                        
Oro tropas:        3000                                                         
Oro recursos:      75970.325                                                    
Oro PTS ataque:    158                                                          
Oro PTS defensa:   0                                                            
Oro coronas:       2040                                                         
Total:             115844.325                                                   
-----------------------------3------------------------------                    
Reino:             Piscis                                                       
Oro:               37108                                                        
Oro tropas:        2662.5                                                       
Oro recursos:      41499.19                                                     
Oro PTS ataque:    126                                                          
Oro PTS defensa:   0                                                            
Oro coronas:       4410                                                         
Total:             85805.69                                                     
-----------------------------4------------------------------                    
Reino:             Capricornio                                                  
Oro:               15542                                                        
Oro tropas:        4365                                                         
Oro recursos:      29064.365                                                    
Oro PTS ataque:    75                                                           
Oro PTS defensa:   0                                                            
Oro coronas:       3640                                                         
Total:             52686.365                                                    
-----------------------------5------------------------------                    
Reino:             Tauro                                                        
Oro:               30244                                                        
Oro tropas:        0                                                            
Oro recursos:      18721.5                                                      
Oro PTS ataque:    0                                                            
Oro PTS defensa:   450                                                          
Oro coronas:       1600                                                         
Total:             51015.5                                                      
-----------------------------6------------------------------                    
Reino:             Leo                                                          
Oro:               11829                                                        
Oro tropas:        3000                                                         
Oro recursos:      21417.6                                                      
Oro PTS ataque:    38                                                           
Oro PTS defensa:   0                                                            
Oro coronas:       5710                                                         
Total:             41994.6                                                      
-----------------------------7------------------------------                    
Reino:             Virgo                                                        
Oro:               23162                                                        
Oro tropas:        0                                                            
Oro recursos:      12100.6                                                      
Oro PTS ataque:    0                                                            
Oro PTS defensa:   766                                                          
Oro coronas:       2200                                                         
Total:             38228.6                                                      
-----------------------------8------------------------------                    
Reino:             Escorpio                                                     
Oro:               10453                                                        
Oro tropas:        1050                                                         
Oro recursos:      7835.695                                                     
Oro PTS ataque:    252                                                          
Oro PTS defensa:   0                                                            
Oro coronas:       1740                                                         
Total:             21330.695                                                    
-----------------------------9------------------------------                    
Reino:             Acuario                                                      
Oro:               0                                                            
Oro tropas:        0                                                            
Oro recursos:      20930                                                        
Oro PTS ataque:    0                                                            
Oro PTS defensa:   0                                                            
Oro coronas:       50                                                           
Total:             20980                                                        
----------------------------10------------------------------                    
Reino:             Aries                                                        
Oro:               6732                                                         
Oro tropas:        907.5                                                        
Oro recursos:      9225.35                                                      
Oro PTS ataque:    48                                                           
Oro PTS defensa:   0                                                            
Oro coronas:       3430                                                         
Total:             20342.85                                                     
----------------------------11------------------------------                    
Reino:             Geminis                                                      
Oro:               274                                                          
Oro tropas:        2812.5                                                       
Oro recursos:      360.855                                                      
Oro PTS ataque:    564                                                          
Oro PTS defensa:   0                                                            
Oro coronas:       4320                                                         
Total:             8331.355                                                     
----------------------------12------------------------------                    
Reino:             Cancer                                                       
Oro:               2520                                                         
Oro tropas:        0                                                            
Oro recursos:      3461.01                                                      
Oro PTS ataque:    0                                                            
Oro PTS defensa:   946                                                          
Oro coronas:       920                                                          
Total:             7847.01                                                      
-------------------------BITACORA---------------------------                    
-----------------------------1------------------------------                    
Reino:        Acuario                                                           
Fecha y hora: 2018-08-05 12:33                                                  
Recursos:     HIERRO:10000 MADERA:40000 ORO:0                                   
Coronas:      5                                                                 
Transaccion:  CMP                                                               
-----------------------------2------------------------------                    
Reino:        Capricornio                                                       
Fecha y hora: 2018-08-05 12:33                                                  
Recursos:     HIERRO:10000 MADERA:32000 ORO:15760                               
Coronas:      5                                                                 
Transaccion:  CMP                                                               
-----------------------------3------------------------------                    
Reino:        Sagitario                                                         
Fecha y hora: 2018-08-05 12:33                                                  
Recursos:     HIERRO:9700 MADERA:19800 ORO:39000                                
Coronas:      50                                                                
Transaccion:  TRP                                                               
-----------------------------4------------------------------                    
Reino:        Sagitario                                                         
Fecha y hora: 2018-08-05 12:34                                                  
Recursos:     HIERRO:9700 MADERA:34800 ORO:8550                                 
Coronas:      55                                                                
Transaccion:  CMP                                                               
-----------------------------5------------------------------                    
Reino:        Escorpio                                                          
Fecha y hora: 2018-08-05 12:34                                                  
Recursos:     HIERRO:8400 MADERA:16000 ORO:39200                                
Coronas:      80                                                                
Transaccion:  TRP                                                               
-----------------------------6------------------------------                    
Reino:        Escorpio                                                          
Fecha y hora: 2018-08-05 12:34                                                  
Recursos:     HIERRO:6900 MADERA:14500 ORO:37700                                
Coronas:      110                                                               
Transaccion:  TRP                                                               
-----------------------------7------------------------------                    
Reino:        Libra                                                             
Fecha y hora: 2018-08-05 12:34                                                  
Recursos:     HIERRO:7000 MADERA:16500 ORO:38750                                
Coronas:      150                                                               
Transaccion:  TRP                                                               
-----------------------------8------------------------------                    
Reino:        Libra                                                             
Fecha y hora: 2018-08-05 12:34                                                  
Recursos:     HIERRO:3800 MADERA:12500 ORO:30750                                
Coronas:      210                                                               
Transaccion:  DEF                                                               
-----------------------------9------------------------------                    
Reino:        Virgo                                                             
Fecha y hora: 2018-08-05 12:34                                                  
Recursos:     HIERRO:16000 MADERA:20000 ORO:16120                               
Coronas:      5                                                                 
Transaccion:  CMP                                                               
----------------------------10------------------------------                    
Reino:        Virgo                                                             
Fecha y hora: 2018-08-05 12:34                                                  
Recursos:     HIERRO:4000 MADERA:17000 ORO:10120                                
Coronas:      125                                                               
Transaccion:  DEF                                                               
----------------------------11------------------------------                    
Reino:        Leo                                                               
Fecha y hora: 2018-08-05 12:34                                                  
Recursos:     HIERRO:8200 MADERA:18800 ORO:34000                                
Coronas:      300                                                               
Transaccion:  TRP                                                               
----------------------------12------------------------------                    
Reino:        Leo                                                               
Fecha y hora: 2018-08-05 12:34                                                  
Recursos:     HIERRO:6200 MADERA:16800 ORO:32000                                
Coronas:      340                                                               
Transaccion:  TRP                                                               
----------------------------13------------------------------                    
Reino:        Cancer                                                            
Fecha y hora: 2018-08-05 12:34                                                  
Recursos:     HIERRO:6000 MADERA:20000 ORO:55880                                
Coronas:      10                                                                
Transaccion:  VTA                                                               
----------------------------14------------------------------                    
Reino:        Geminis                                                           
Fecha y hora: 2018-08-05 12:34                                                  
Recursos:     HIERRO:8000 MADERA:15000 ORO:39000                                
Coronas:      100                                                               
Transaccion:  TRP                                                               
----------------------------15------------------------------                    
Reino:        Geminis                                                           
Fecha y hora: 2018-08-05 12:34                                                  
Recursos:     HIERRO:5000 MADERA:11500 ORO:37750                                
Coronas:      250                                                               
Transaccion:  TRP                                                               
----------------------------16------------------------------                    
Reino:        Aries                                                             
Fecha y hora: 2018-08-05 12:35                                                  
Recursos:     HIERRO:6400 MADERA:15800 ORO:38500                                
Coronas:      180                                                               
Transaccion:  TRP                                                               
----------------------------17------------------------------                    
Reino:        Piscis                                                            
Fecha y hora: 2018-08-05 12:35                                                  
Recursos:     HIERRO:8000 MADERA:15000 ORO:39000                                
Coronas:      100                                                               
Transaccion:  TRP                                                               
----------------------------18------------------------------                    
Reino:        Piscis                                                            
Fecha y hora: 2018-08-05 12:35                                                  
Recursos:     HIERRO:5000 MADERA:11500 ORO:37750                                
Coronas:      250                                                               
Transaccion:  TRP                                                               
----------------------------19------------------------------                    
Reino:        Aries                                                             
Fecha y hora: 2018-08-05 12:35                                                  
Recursos:     HIERRO:6200 MADERA:15500 ORO:37000                                
Coronas:      185                                                               
Transaccion:  M+A                                                               
----------------------------20------------------------------                    
Reino:        Capricornio                                                       
Fecha y hora: 2018-08-05 12:36                                                  
Recursos:     HIERRO:7600 MADERA:26000 ORO:14560                                
Coronas:      125                                                               
Transaccion:  TRP                                                               
----------------------------21------------------------------                    
Reino:        Capricornio                                                       
Fecha y hora: 2018-08-05 12:36                                                  
Recursos:     HIERRO:6400 MADERA:25200 ORO:10560                                
Coronas:      325                                                               
Transaccion:  TRP                                                               
----------------------------22------------------------------                    
Reino:        Sagitario                                                         
Fecha y hora: 2018-08-05 12:36                                                  
Recursos:     HIERRO:9200 MADERA:34300 ORO:8050                                 
Coronas:      65                                                                
Transaccion:  TRP                                                               
----------------------------23------------------------------                    
Reino:        Sagitario                                                         
Fecha y hora: 2018-08-05 12:36                                                  
Recursos:     HIERRO:9000 MADERA:34000 ORO:6550                                 
Coronas:      70                                                                
Transaccion:  M+A                                                               
----------------------------24------------------------------                    
Reino:        Escorpio                                                          
Fecha y hora: 2018-08-05 12:36                                                  
Recursos:     HIERRO:6700 MADERA:14200 ORO:36200                                
Coronas:      115                                                               
Transaccion:  M+A                                                               
----------------------------25------------------------------                    
Reino:        Escorpio                                                          
Fecha y hora: 2018-08-05 12:36                                                  
Recursos:     HIERRO:6500 MADERA:13900 ORO:34700                                
Coronas:      120                                                               
Transaccion:  M+A                                                               
----------------------------26------------------------------                    
Reino:        Libra                                                             
Fecha y hora: 2018-08-05 12:36                                                  
Recursos:     HIERRO:2800 MADERA:11500 ORO:29750                                
Coronas:      230                                                               
Transaccion:  TRP                                                               
----------------------------27------------------------------                    
Reino:        Libra                                                             
Fecha y hora: 2018-08-05 12:36                                                  
Recursos:     HIERRO:2650 MADERA:11400 ORO:27750                                
Coronas:      270                                                               
Transaccion:  M+D                                                               
----------------------------28------------------------------                    
Reino:        Virgo                                                             
Fecha y hora: 2018-08-05 12:36                                                  
Recursos:     HIERRO:3850 MADERA:16900 ORO:8120                                 
Coronas:      165                                                               
Transaccion:  M+D                                                               
----------------------------29------------------------------                    
Reino:        Leo                                                               
Fecha y hora: 2018-08-05 12:36                                                  
Recursos:     HIERRO:3800 MADERA:14000 ORO:31000                                
Coronas:      460                                                               
Transaccion:  TRP                                                               
----------------------------30------------------------------                    
Reino:        Leo                                                               
Fecha y hora: 2018-08-05 12:36                                                  
Recursos:     HIERRO:3600 MADERA:13700 ORO:29500                                
Coronas:      465                                                               
Transaccion:  M+A                                                               
----------------------------31------------------------------                    
Reino:        Cancer                                                            
Fecha y hora: 2018-08-05 12:37                                                  
Recursos:     HIERRO:5850 MADERA:19900 ORO:53880                                
Coronas:      50                                                                
Transaccion:  M+D                                                               
----------------------------32------------------------------                    
Reino:        Geminis                                                           
Fecha y hora: 2018-08-05 12:37                                                  
Recursos:     HIERRO:4000 MADERA:10500 ORO:36750                                
Coronas:      270                                                               
Transaccion:  TRP                                                               
----------------------------33------------------------------                    
Reino:        Geminis                                                           
Fecha y hora: 2018-08-05 12:37                                                  
Recursos:     HIERRO:3100 MADERA:9900 ORO:33750                                 
Coronas:      420                                                               
Transaccion:  TRP                                                               
----------------------------34------------------------------                    
Reino:        Aries                                                             
Fecha y hora: 2018-08-05 12:37                                                  
Recursos:     HIERRO:3800 MADERA:9500 ORO:35800                                 
Coronas:      305                                                               
Transaccion:  TRP                                                               
----------------------------35------------------------------                    
Reino:        Aries                                                             
Fecha y hora: 2018-08-05 12:37                                                  
Recursos:     HIERRO:2300 MADERA:8000 ORO:34300                                 
Coronas:      335                                                               
Transaccion:  TRP                                                               
----------------------------36------------------------------                    
Reino:        Piscis                                                            
Fecha y hora: 2018-08-05 12:37                                                  
Recursos:     HIERRO:4800 MADERA:11200 ORO:36250                                
Coronas:      255                                                               
Transaccion:  M+A                                                               
----------------------------37------------------------------                    
Reino:        Piscis                                                            
Fecha y hora: 2018-08-05 12:37                                                  
Recursos:     HIERRO:3750 MADERA:10500 ORO:32750                                
Coronas:      430                                                               
Transaccion:  TRP                                                               
----------------------------38------------------------------                    
Reino:        Capricornio                                                       
Fecha y hora: 2018-08-05 12:38                                                  
Recursos:     HIERRO:6200 MADERA:24900 ORO:9060                                 
Coronas:      330                                                               
Transaccion:  M+A                                                               
----------------------------39------------------------------                    
Reino:        Capricornio                                                       
Fecha y hora: 2018-08-05 12:38                                                  
Recursos:     HIERRO:8540 MADERA:33805 ORO:27235                                
Coronas:      332                                                               
Transaccion:  ATK                                                               
----------------------------40------------------------------                    
Reino:        Sagitario                                                         
Fecha y hora: 2018-08-05 12:38                                                  
Recursos:     HIERRO:8800 MADERA:33700 ORO:5050                                 
Coronas:      75                                                                
Transaccion:  M+A                                                               
----------------------------41------------------------------                    
Reino:        Sagitario                                                         
Fecha y hora: 2018-08-05 12:38                                                  
Recursos:     HIERRO:13025 MADERA:42735 ORO:26605                               
Coronas:      77                                                                
Transaccion:  ATK                                                               
----------------------------42------------------------------                    
Reino:        Escorpio                                                          
Fecha y hora: 2018-08-05 12:38                                                  
Recursos:     HIERRO:775 MADERA:3365 ORO:10645                                  
Coronas:      150                                                               
Transaccion:  TRP                                                               
----------------------------43------------------------------                    
Reino:        Escorpio                                                          
Fecha y hora: 2018-08-05 12:38                                                  
Recursos:     HIERRO:4578 MADERA:16300 ORO:44667                                
Coronas:      152                                                               
Transaccion:  ATK                                                               
----------------------------44------------------------------                    
Reino:        Libra                                                             
Fecha y hora: 2018-08-05 12:38                                                  
Recursos:     HIERRO:11116 MADERA:39178 ORO:44043                               
Coronas:      272                                                               
Transaccion:  ATK                                                               
----------------------------45------------------------------                    
Reino:        Libra                                                             
Fecha y hora: 2018-08-05 12:38                                                  
Recursos:     HIERRO:10966 MADERA:39078 ORO:42043                               
Coronas:      312                                                               
Transaccion:  M+D                                                               
----------------------------46------------------------------                    
Reino:        Virgo                                                             
Fecha y hora: 2018-08-05 12:39                                                  
Recursos:     HIERRO:3700 MADERA:16800 ORO:6120                                 
Coronas:      205                                                               
Transaccion:  M+D                                                               
----------------------------47------------------------------                    
Reino:        Virgo                                                             
Fecha y hora: 2018-08-05 12:39                                                  
Recursos:     HIERRO:1700 MADERA:16800 ORO:13980                                
Coronas:      215                                                               
Transaccion:  VTA                                                               
----------------------------48------------------------------                    
Reino:        Leo                                                               
Fecha y hora: 2018-08-05 12:39                                                  
Recursos:     HIERRO:7760 MADERA:30795 ORO:9325                                 
Coronas:      467                                                               
Transaccion:  ATK                                                               
----------------------------49------------------------------                    
Reino:        Leo                                                               
Fecha y hora: 2018-08-05 12:39                                                  
Recursos:     HIERRO:9775 MADERA:37230 ORO:30263                                
Coronas:      469                                                               
Transaccion:  ATK                                                               
----------------------------50------------------------------                    
Reino:        Geminis                                                           
Fecha y hora: 2018-08-05 12:39                                                  
Recursos:     HIERRO:885 MADERA:3165 ORO:10313                                  
Coronas:      425                                                               
Transaccion:  M+A                                                               
----------------------------51------------------------------                    
Reino:        Geminis                                                           
Fecha y hora: 2018-08-05 12:39                                                  
Recursos:     HIERRO:885 MADERA:3165 ORO:6519                                   
Coronas:      427                                                               
Transaccion:  ATK                                                               
----------------------------52------------------------------                    
Reino:        Tauro                                                             
Fecha y hora: 2018-08-05 12:39                                                  
Recursos:     HIERRO:9850 MADERA:19900 ORO:38000                                
Coronas:      40                                                                
Transaccion:  M+D                                                               
----------------------------53------------------------------                    
Reino:        Aries                                                             
Fecha y hora: 2018-08-05 12:39                                                  
Recursos:     HIERRO:3405 MADERA:18920 ORO:42387                                
Coronas:      337                                                               
Transaccion:  ATK                                                               
----------------------------54------------------------------                    
Reino:        Aries                                                             
Fecha y hora: 2018-08-05 12:39                                                  
Recursos:     HIERRO:3405 MADERA:18920 ORO:28971                                
Coronas:      339                                                               
Transaccion:  ATK                                                               
----------------------------55------------------------------                    
Reino:        Piscis                                                            
Fecha y hora: 2018-08-05 12:39                                                  
Recursos:     HIERRO:3550 MADERA:10200 ORO:31250                                
Coronas:      435                                                               
Transaccion:  M+A                                                               
----------------------------56------------------------------                    
Reino:        Piscis                                                            
Fecha y hora: 2018-08-05 12:40                                                  
Recursos:     HIERRO:4881 MADERA:14727 ORO:42508                                
Coronas:      437                                                               
Transaccion:  ATK                                                               
----------------------------57------------------------------                    
Reino:        Capricornio                                                       
Fecha y hora: 2018-08-05 12:41                                                  
Recursos:     HIERRO:7040 MADERA:32305 ORO:25735                                
Coronas:      362                                                               
Transaccion:  TRP                                                               
----------------------------58------------------------------                    
Reino:        Capricornio                                                       
Fecha y hora: 2018-08-05 12:41                                                  
Recursos:     HIERRO:13394 MADERA:56505 ORO:44406                               
Coronas:      364                                                               
Transaccion:  ATK                                                               
----------------------------59------------------------------                    
Reino:        Sagitario                                                         
Fecha y hora: 2018-08-05 12:41                                                  
Recursos:     HIERRO:3809 MADERA:14457 ORO:6812                                 
Coronas:      202                                                               
Transaccion:  TRP                                                               
----------------------------60------------------------------                    
Reino:        Sagitario                                                         
Fecha y hora: 2018-08-05 12:41                                                  
Recursos:     HIERRO:12515 MADERA:51185 ORO:34676                               
Coronas:      204                                                               
Transaccion:  ATK                                                               
----------------------------61------------------------------                    
Reino:        Escorpio                                                          
Fecha y hora: 2018-08-05 12:41                                                  
Recursos:     HIERRO:3578 MADERA:15300 ORO:43667                                
Coronas:      172                                                               
Transaccion:  TRP                                                               
----------------------------62------------------------------                    
Reino:        Escorpio                                                          
Fecha y hora: 2018-08-05 12:41                                                  
Recursos:     HIERRO:3578 MADERA:15300 ORO:29867                                
Coronas:      174                                                               
Transaccion:  ATK                                                               
----------------------------63------------------------------                    
Reino:        Libra                                                             
Fecha y hora: 2018-08-05 12:42                                                  
Recursos:     HIERRO:9966 MADERA:38078 ORO:56637                                
Coronas:      332                                                               
Transaccion:  TRP                                                               
----------------------------64------------------------------                    
Reino:        Libra                                                             
Fecha y hora: 2018-08-05 12:42                                                  
Recursos:     HIERRO:12292 MADERA:48023 ORO:75051                               
Coronas:      334                                                               
Transaccion:  ATK                                                               
----------------------------65------------------------------                    
Reino:        Virgo                                                             
Fecha y hora: 2018-08-05 12:42                                                  
Recursos:     HIERRO:595 MADERA:10880 ORO:7259                                  
Coronas:      220                                                               
Transaccion:  CMP                                                               
----------------------------66------------------------------                    
Reino:        Leo                                                               
Fecha y hora: 2018-08-05 12:42                                                  
Recursos:     HIERRO:2821 MADERA:12631 ORO:8592                                 
Coronas:      569                                                               
Transaccion:  TRP                                                               
----------------------------67------------------------------                    
Reino:        Leo                                                               
Fecha y hora: 2018-08-05 12:42                                                  
Recursos:     HIERRO:3396 MADERA:14688 ORO:11829                                
Coronas:      571                                                               
Transaccion:  ATK                                                               
----------------------------68------------------------------                    
Reino:        Cancer                                                            
Fecha y hora: 2018-08-05 12:42                                                  
Recursos:     HIERRO:567 MADERA:2338 ORO:4600                                   
Coronas:      90                                                                
Transaccion:  M+D                                                               
----------------------------69------------------------------                    
Reino:        Cancer                                                            
Fecha y hora: 2018-08-05 12:42                                                  
Recursos:     HIERRO:567 MADERA:2338 ORO:2520                                   
Coronas:      92                                                                
Transaccion:  ATK                                                               
----------------------------70------------------------------                    
Reino:        Geminis                                                           
Fecha y hora: 2018-08-05 12:42                                                  
Recursos:     HIERRO:110 MADERA:808 ORO:782                                     
Coronas:      432                                                               
Transaccion:  M+A                                                               
----------------------------71------------------------------                    
Reino:        Tauro                                                             
Fecha y hora: 2018-08-05 12:43                                                  
Recursos:     HIERRO:3450 MADERA:11900 ORO:22000                                
Coronas:      160                                                               
Transaccion:  DEF                                                               
----------------------------72------------------------------                    
Reino:        Aries                                                             
Fecha y hora: 2018-08-05 12:43                                                  
Recursos:     HIERRO:3477 MADERA:19445 ORO:28479                                
Coronas:      341                                                               
Transaccion:  ATK                                                               
----------------------------73------------------------------                    
Reino:        Aries                                                             
Fecha y hora: 2018-08-05 12:43                                                  
Recursos:     HIERRO:3477 MADERA:19445 ORO:19235                                
Coronas:      343                                                               
Transaccion:  ATK                                                               
----------------------------74------------------------------                    
Reino:        Piscis                                                            
Fecha y hora: 2018-08-05 12:43                                                  
Recursos:     HIERRO:7141 MADERA:27366 ORO:54011                                
Coronas:      439                                                               
Transaccion:  ATK                                                               
----------------------------75------------------------------                    
Reino:        Piscis                                                            
Fecha y hora: 2018-08-05 12:43                                                  
Recursos:     HIERRO:7141 MADERA:27366 ORO:37108                                
Coronas:      441                                                               
Transaccion:  ATK                                                               

PL/SQL procedure successfully completed.

SQL> spool off
